src/app/components/UserProfileModal.tsx(70,11): error TS1005: 'try' expected.
src/app/components/UserProfileModal.tsx(74,5): error TS1128: Declaration or statement expected.
src/app/components/UserProfileModal.tsx(78,5): error TS1128: Declaration or statement expected.
src/app/components/UserProfileModal.tsx(408,1): error TS1128: Declaration or statement expected.
