[    1385ms] [INFO] %cDownload the React DevTools for a better development experience: https://react.dev/link/react-devtools font-weight:bold @ webpack-internal:///(app-pages-browser)/./node_modules/next/dist/compiled/react-dom/cjs/react-dom-client.development.js:25630
[    1524ms] [WARNING] GoTrueClient@sb-ixqrijxdedtbxondzytn-auth-token:1 (2.110.9) 2026-08-08T17:25:34.428Z Multiple GoTrueClient instances detected in the same browser context. It is not an error, but this should be avoided as it may produce undefined behavior when used concurrently under the same storage key. @ webpack-internal:///(app-pages-browser)/./node_modules/@supabase/auth-js/dist/module/GoTrueClient.js:184
[  125180ms] [LOG] [Fast Refresh] rebuilding @ webpack-internal:///(app-pages-browser)/./node_modules/next/dist/client/dev/hot-reloader/app/hot-reloader-app.js:196
[  129041ms] [LOG] [Fast Refresh] done in 3861ms @ webpack-internal:///(app-pages-browser)/./node_modules/next/dist/client/dev/report-hmr-latency.js:13
[  200799ms] [LOG] [Fast Refresh] rebuilding @ webpack-internal:///(app-pages-browser)/./node_modules/next/dist/client/dev/hot-reloader/app/hot-reloader-app.js:196
[  204566ms] [LOG] [Fast Refresh] done in 3767ms @ webpack-internal:///(app-pages-browser)/./node_modules/next/dist/client/dev/report-hmr-latency.js:13
[  223830ms] [LOG] [Fast Refresh] rebuilding @ webpack-internal:///(app-pages-browser)/./node_modules/next/dist/client/dev/hot-reloader/app/hot-reloader-app.js:196
[  225563ms] [LOG] [Fast Refresh] done in 1734ms @ webpack-internal:///(app-pages-browser)/./node_modules/next/dist/client/dev/report-hmr-latency.js:13
[  286800ms] [LOG] [Fast Refresh] rebuilding @ webpack-internal:///(app-pages-browser)/./node_modules/next/dist/client/dev/hot-reloader/app/hot-reloader-app.js:196
[  288771ms] [ERROR] ./src/styles/tailwind.css:7:9
Syntax error: D:\Workout OS\src\styles\tailwind.css @apply should not be used with the 'group' utility

  5 | @layer components {
  6 |     .glass-card-premium {
> 7 |         @apply bg-white/5 dark:bg-surface-container-lowest/40 backdrop-blur-3xl border border-white/20 dark:border-white/10 shadow-[0_8px_32px_rgba(0,0,0,0.12)] relative overflow-hidden group rounded-[2rem];
    |         ^
  8 |     }
  9 |  @ webpack-internal:///(app-pages-browser)/./node_modules/next/dist/next-devtools/userspace/app/errors/intercept-console-error.js:56
[  288772ms] [ERROR] ./src/styles/index.css
Syntax error: D:\Workout OS\src\styles\tailwind.css @apply should not be used with the 'group' utility (7:9)

  5 | @layer components {
  6 |     .glass-card-premium {
> 7 |         @apply bg-white/5 dark:bg-surface-container-lowest/40 backdrop-blur-3xl border border-white/20 dark:border-white/10 shadow-[0_8px_32px_rgba(0,0,0,0.12)] relative overflow-hidden group rounded-[2rem];
    |         ^
  8 |     }
  9 |     
-- inner error --
Syntax error: D:\Workout OS\src\styles\tailwind.css @apply should not be used with the 'group' utility (7:9)

  5 | @layer components {
  6 |     .glass-card-premium {
> 7 |         @apply bg-white/5 dark:bg-surface-container-lowest/40 backdrop-blur-3xl border border-white/20 dark:border-white/10 shadow-[0_8px_32px_rgba(0,0,0,0.12)] relative overflow-hidden group rounded-[2rem];
    |         ^
  8 |     }
  9 |     
Generated code for D:\Workout OS\node_modules\next\dist\build\webpack\loaders\css-loader\src\index.js??ruleSet[1].rules[14].oneOf[10].use[2]!D:\Workout OS\node_modules\next\dist\build\webpack\loaders\postcss-loader\src\index.js??ruleSet[1].rules[14].oneOf[10].use[3]!D:\Workout OS\src\styles\tailwind.css

Generated code for D:\Workout OS\node_modules\next\dist\build\webpack\loaders\css-loader\src\index.js??ruleSet[1].rules[14].oneOf[10].use[2]!D:\Workout OS\node_modules\next\dist\build\webpack\loaders\postcss-loader\src\index.js??ruleSet[1].rules[14].oneOf[10].use[3]!D:\Workout OS\src\styles\index.css
 1 | __webpack_require__.r(__webpack_exports__);
 2 | /* harmony export */ __webpack_require__.d(__webpack_exports__, {
 3 | /* harmony export */   "default": () => (__WEBPACK_DEFAULT_EXPORT__)
 4 | /* harmony export */ });
 5 | /* harmony import */ var _node_modules_next_dist_build_webpack_loaders_css_loader_src_runtime_api_js__WEBPACK_IMPORTED_MODULE_0__ = __webpack_require__(/*! ../../node_modules/next/dist/build/webpack/loaders/css-loader/src/runtime/api.js */ "D:\\Workout OS\\node_modules\\next\\dist\\build\\webpack\\loaders\\css-loader\\src\\runtime\\api.js");
 6 | /* harmony import */ var _node_modules_next_dist_build_webpack_loaders_css_loader_src_runtime_api_js__WEBPACK_IMPORTED_MODULE_0___default = /*#__PURE__*/__webpack_require__.n(_node_modules_next_dist_build_webpack_loaders_css_loader_src_runtime_api_js__WEBPACK_IMPORTED_MODULE_0__);
 7 | /* harmony import */ var _node_modules_next_dist_build_webpack_loaders_css_loader_src_index_js_ruleSet_1_rules_14_oneOf_10_use_2_node_modules_next_dist_build_webpack_loaders_postcss_loader_src_index_js_ruleSet_1_rules_14_oneOf_10_use_3_tailwind_css__WEBPACK_IMPORTED_MODULE_1__ = __webpack_require__(/*! -!../../node_modules/next/dist/build/webpack/loaders/css-loader/src/index.js??ruleSet[1].rules[14].oneOf[10].use[2]!../../node_modules/next/dist/build/webpack/loaders/postcss-loader/src/index.js??ruleSet[1].rules[14].oneOf[10].use[3]!./tailwind.css */ "D:\\Workout OS\\node_modules\\next\\dist\\build\\webpack\\loaders\\css-loader\\src\\index.js??ruleSet[1].rules[14].oneOf[10].use[2]!D:\\Workout OS\\node_modules\\next\\dist\\build\\webpack\\loaders\\postcss-loader\\src\\index.js??ruleSet[1].rules[14].oneOf[10].use[3]!D:\\Workout OS\\src\\styles\\tailwind.css");
 8 | // Imports
 9 | 
10 | 
11 | var ___CSS_LOADER_EXPORT___ = _node_modules_next_dist_build_webpack_loaders_css_loader_src_runtime_api_js__WEBPACK_IMPORTED_MODULE_0___default()(true);
12 | ___CSS_LOADER_EXPORT___.i(_node_modules_next_dist_build_webpack_loaders_css_loader_src_index_js_ruleSet_1_rules_14_oneOf_10_use_2_node_modules_next_dist_build_webpack_loaders_postcss_loader_src_index_js_ruleSet_1_rules_14_oneOf_10_use_3_tailwind_css__WEBPACK_IMPORTED_MODULE_1__["default"]);
13 | // Module
14 | ___CSS_LOADER_EXPORT___.push([module.id, "@import url('https://fonts.cdnfonts.com/css/sf-pro-display');", "",{"version":3,"sources":["webpack://src/styles/index.css"],"names":[],"mappings":"AAAA,4DAA4D","sourcesContent":["@import url('https://fonts.cdnfonts.com/css/sf-pro-display');\n@import './tailwind.css';"],"sourceRoot":""}]);
15 | // Exports
16 | /* harmony default export */ const __WEBPACK_DEFAULT_EXPORT__ = (___CSS_LOADER_EXPORT___);
17 | 

Import trace for requested module:
./src/styles/index.css @ webpack-internal:///(app-pages-browser)/./node_modules/next/dist/next-devtools/userspace/app/errors/intercept-console-error.js:56
[  288798ms] [LOG] {file: Object} @ webpack-internal:///(app-pages-browser)/./node_modules/next/dist/compiled/next-devtools/index.js:1630
[  288855ms] [LOG] [Fast Refresh] rebuilding @ webpack-internal:///(app-pages-browser)/./node_modules/next/dist/client/dev/hot-reloader/app/hot-reloader-app.js:196
[  291413ms] [ERROR] ./src/styles/tailwind.css:7:9
Syntax error: D:\Workout OS\src\styles\tailwind.css @apply should not be used with the 'group' utility

  5 | @layer components {
  6 |     .glass-card-premium {
> 7 |         @apply bg-white/5 dark:bg-surface-container-lowest/40 backdrop-blur-3xl border border-white/20 dark:border-white/10 shadow-[0_8px_32px_rgba(0,0,0,0.12)] relative overflow-hidden group rounded-[2rem];
    |         ^
  8 |     }
  9 |  @ webpack-internal:///(app-pages-browser)/./node_modules/next/dist/next-devtools/userspace/app/errors/intercept-console-error.js:56
[  291414ms] [ERROR] ./src/styles/index.css
Syntax error: D:\Workout OS\src\styles\tailwind.css @apply should not be used with the 'group' utility (7:9)

  5 | @layer components {
  6 |     .glass-card-premium {
> 7 |         @apply bg-white/5 dark:bg-surface-container-lowest/40 backdrop-blur-3xl border border-white/20 dark:border-white/10 shadow-[0_8px_32px_rgba(0,0,0,0.12)] relative overflow-hidden group rounded-[2rem];
    |         ^
  8 |     }
  9 |     
-- inner error --
Syntax error: D:\Workout OS\src\styles\tailwind.css @apply should not be used with the 'group' utility (7:9)

  5 | @layer components {
  6 |     .glass-card-premium {
> 7 |         @apply bg-white/5 dark:bg-surface-container-lowest/40 backdrop-blur-3xl border border-white/20 dark:border-white/10 shadow-[0_8px_32px_rgba(0,0,0,0.12)] relative overflow-hidden group rounded-[2rem];
    |         ^
  8 |     }
  9 |     
Generated code for D:\Workout OS\node_modules\next\dist\build\webpack\loaders\css-loader\src\index.js??ruleSet[1].rules[14].oneOf[10].use[2]!D:\Workout OS\node_modules\next\dist\build\webpack\loaders\postcss-loader\src\index.js??ruleSet[1].rules[14].oneOf[10].use[3]!D:\Workout OS\src\styles\tailwind.css

Generated code for D:\Workout OS\node_modules\next\dist\build\webpack\loaders\css-loader\src\index.js??ruleSet[1].rules[14].oneOf[10].use[2]!D:\Workout OS\node_modules\next\dist\build\webpack\loaders\postcss-loader\src\index.js??ruleSet[1].rules[14].oneOf[10].use[3]!D:\Workout OS\src\styles\index.css
 1 | __webpack_require__.r(__webpack_exports__);
 2 | /* harmony export */ __webpack_require__.d(__webpack_exports__, {
 3 | /* harmony export */   "default": () => (__WEBPACK_DEFAULT_EXPORT__)
 4 | /* harmony export */ });
 5 | /* harmony import */ var _node_modules_next_dist_build_webpack_loaders_css_loader_src_runtime_api_js__WEBPACK_IMPORTED_MODULE_0__ = __webpack_require__(/*! ../../node_modules/next/dist/build/webpack/loaders/css-loader/src/runtime/api.js */ "D:\\Workout OS\\node_modules\\next\\dist\\build\\webpack\\loaders\\css-loader\\src\\runtime\\api.js");
 6 | /* harmony import */ var _node_modules_next_dist_build_webpack_loaders_css_loader_src_runtime_api_js__WEBPACK_IMPORTED_MODULE_0___default = /*#__PURE__*/__webpack_require__.n(_node_modules_next_dist_build_webpack_loaders_css_loader_src_runtime_api_js__WEBPACK_IMPORTED_MODULE_0__);
 7 | /* harmony import */ var _node_modules_next_dist_build_webpack_loaders_css_loader_src_index_js_ruleSet_1_rules_14_oneOf_10_use_2_node_modules_next_dist_build_webpack_loaders_postcss_loader_src_index_js_ruleSet_1_rules_14_oneOf_10_use_3_tailwind_css__WEBPACK_IMPORTED_MODULE_1__ = __webpack_require__(/*! -!../../node_modules/next/dist/build/webpack/loaders/css-loader/src/index.js??ruleSet[1].rules[14].oneOf[10].use[2]!../../node_modules/next/dist/build/webpack/loaders/postcss-loader/src/index.js??ruleSet[1].rules[14].oneOf[10].use[3]!./tailwind.css */ "D:\\Workout OS\\node_modules\\next\\dist\\build\\webpack\\loaders\\css-loader\\src\\index.js??ruleSet[1].rules[14].oneOf[10].use[2]!D:\\Workout OS\\node_modules\\next\\dist\\build\\webpack\\loaders\\postcss-loader\\src\\index.js??ruleSet[1].rules[14].oneOf[10].use[3]!D:\\Workout OS\\src\\styles\\tailwind.css");
 8 | // Imports
 9 | 
10 | 
11 | var ___CSS_LOADER_EXPORT___ = _node_modules_next_dist_build_webpack_loaders_css_loader_src_runtime_api_js__WEBPACK_IMPORTED_MODULE_0___default()(true);
12 | ___CSS_LOADER_EXPORT___.i(_node_modules_next_dist_build_webpack_loaders_css_loader_src_index_js_ruleSet_1_rules_14_oneOf_10_use_2_node_modules_next_dist_build_webpack_loaders_postcss_loader_src_index_js_ruleSet_1_rules_14_oneOf_10_use_3_tailwind_css__WEBPACK_IMPORTED_MODULE_1__["default"]);
13 | // Module
14 | ___CSS_LOADER_EXPORT___.push([module.id, "@import url('https://fonts.cdnfonts.com/css/sf-pro-display');", "",{"version":3,"sources":["webpack://src/styles/index.css"],"names":[],"mappings":"AAAA,4DAA4D","sourcesContent":["@import url('https://fonts.cdnfonts.com/css/sf-pro-display');\n@import './tailwind.css';"],"sourceRoot":""}]);
15 | // Exports
16 | /* harmony default export */ const __WEBPACK_DEFAULT_EXPORT__ = (___CSS_LOADER_EXPORT___);
17 | 

Import trace for requested module:
./src/styles/index.css @ webpack-internal:///(app-pages-browser)/./node_modules/next/dist/next-devtools/userspace/app/errors/intercept-console-error.js:56
[  316847ms] [LOG] [Fast Refresh] rebuilding @ webpack-internal:///(app-pages-browser)/./node_modules/next/dist/client/dev/hot-reloader/app/hot-reloader-app.js:196
[  317323ms] [ERROR] ./src/styles/tailwind.css:7:9
Syntax error: D:\Workout OS\src\styles\tailwind.css @apply should not be used with the 'group' utility

  5 | @layer components {
  6 |     .glass-card-premium {
> 7 |         @apply bg-white/5 dark:bg-surface-container-lowest/40 backdrop-blur-3xl border border-white/20 dark:border-white/10 shadow-[0_8px_32px_rgba(0,0,0,0.12)] relative overflow-hidden group rounded-[2rem];
    |         ^
  8 |     }
  9 |  @ webpack-internal:///(app-pages-browser)/./node_modules/next/dist/next-devtools/userspace/app/errors/intercept-console-error.js:56
[  317323ms] [ERROR] ./src/styles/index.css
Syntax error: D:\Workout OS\src\styles\tailwind.css @apply should not be used with the 'group' utility (7:9)

  5 | @layer components {
  6 |     .glass-card-premium {
> 7 |         @apply bg-white/5 dark:bg-surface-container-lowest/40 backdrop-blur-3xl border border-white/20 dark:border-white/10 shadow-[0_8px_32px_rgba(0,0,0,0.12)] relative overflow-hidden group rounded-[2rem];
    |         ^
  8 |     }
  9 |     
-- inner error --
Syntax error: D:\Workout OS\src\styles\tailwind.css @apply should not be used with the 'group' utility (7:9)

  5 | @layer components {
  6 |     .glass-card-premium {
> 7 |         @apply bg-white/5 dark:bg-surface-container-lowest/40 backdrop-blur-3xl border border-white/20 dark:border-white/10 shadow-[0_8px_32px_rgba(0,0,0,0.12)] relative overflow-hidden group rounded-[2rem];
    |         ^
  8 |     }
  9 |     
Generated code for D:\Workout OS\node_modules\next\dist\build\webpack\loaders\css-loader\src\index.js??ruleSet[1].rules[14].oneOf[10].use[2]!D:\Workout OS\node_modules\next\dist\build\webpack\loaders\postcss-loader\src\index.js??ruleSet[1].rules[14].oneOf[10].use[3]!D:\Workout OS\src\styles\tailwind.css

Generated code for D:\Workout OS\node_modules\next\dist\build\webpack\loaders\css-loader\src\index.js??ruleSet[1].rules[14].oneOf[10].use[2]!D:\Workout OS\node_modules\next\dist\build\webpack\loaders\postcss-loader\src\index.js??ruleSet[1].rules[14].oneOf[10].use[3]!D:\Workout OS\src\styles\index.css
 1 | __webpack_require__.r(__webpack_exports__);
 2 | /* harmony export */ __webpack_require__.d(__webpack_exports__, {
 3 | /* harmony export */   "default": () => (__WEBPACK_DEFAULT_EXPORT__)
 4 | /* harmony export */ });
 5 | /* harmony import */ var _node_modules_next_dist_build_webpack_loaders_css_loader_src_runtime_api_js__WEBPACK_IMPORTED_MODULE_0__ = __webpack_require__(/*! ../../node_modules/next/dist/build/webpack/loaders/css-loader/src/runtime/api.js */ "D:\\Workout OS\\node_modules\\next\\dist\\build\\webpack\\loaders\\css-loader\\src\\runtime\\api.js");
 6 | /* harmony import */ var _node_modules_next_dist_build_webpack_loaders_css_loader_src_runtime_api_js__WEBPACK_IMPORTED_MODULE_0___default = /*#__PURE__*/__webpack_require__.n(_node_modules_next_dist_build_webpack_loaders_css_loader_src_runtime_api_js__WEBPACK_IMPORTED_MODULE_0__);
 7 | /* harmony import */ var _node_modules_next_dist_build_webpack_loaders_css_loader_src_index_js_ruleSet_1_rules_14_oneOf_10_use_2_node_modules_next_dist_build_webpack_loaders_postcss_loader_src_index_js_ruleSet_1_rules_14_oneOf_10_use_3_tailwind_css__WEBPACK_IMPORTED_MODULE_1__ = __webpack_require__(/*! -!../../node_modules/next/dist/build/webpack/loaders/css-loader/src/index.js??ruleSet[1].rules[14].oneOf[10].use[2]!../../node_modules/next/dist/build/webpack/loaders/postcss-loader/src/index.js??ruleSet[1].rules[14].oneOf[10].use[3]!./tailwind.css */ "D:\\Workout OS\\node_modules\\next\\dist\\build\\webpack\\loaders\\css-loader\\src\\index.js??ruleSet[1].rules[14].oneOf[10].use[2]!D:\\Workout OS\\node_modules\\next\\dist\\build\\webpack\\loaders\\postcss-loader\\src\\index.js??ruleSet[1].rules[14].oneOf[10].use[3]!D:\\Workout OS\\src\\styles\\tailwind.css");
 8 | // Imports
 9 | 
10 | 
11 | var ___CSS_LOADER_EXPORT___ = _node_modules_next_dist_build_webpack_loaders_css_loader_src_runtime_api_js__WEBPACK_IMPORTED_MODULE_0___default()(true);
12 | ___CSS_LOADER_EXPORT___.i(_node_modules_next_dist_build_webpack_loaders_css_loader_src_index_js_ruleSet_1_rules_14_oneOf_10_use_2_node_modules_next_dist_build_webpack_loaders_postcss_loader_src_index_js_ruleSet_1_rules_14_oneOf_10_use_3_tailwind_css__WEBPACK_IMPORTED_MODULE_1__["default"]);
13 | // Module
14 | ___CSS_LOADER_EXPORT___.push([module.id, "@import url('https://fonts.cdnfonts.com/css/sf-pro-display');", "",{"version":3,"sources":["webpack://src/styles/index.css"],"names":[],"mappings":"AAAA,4DAA4D","sourcesContent":["@import url('https://fonts.cdnfonts.com/css/sf-pro-display');\n@import './tailwind.css';"],"sourceRoot":""}]);
15 | // Exports
16 | /* harmony default export */ const __WEBPACK_DEFAULT_EXPORT__ = (___CSS_LOADER_EXPORT___);
17 | 

Import trace for requested module:
./src/styles/index.css @ webpack-internal:///(app-pages-browser)/./node_modules/next/dist/next-devtools/userspace/app/errors/intercept-console-error.js:56
[  317332ms] [LOG] [Fast Refresh] rebuilding @ webpack-internal:///(app-pages-browser)/./node_modules/next/dist/client/dev/hot-reloader/app/hot-reloader-app.js:196
[  318329ms] [ERROR] ./src/styles/tailwind.css:7:9
Syntax error: D:\Workout OS\src\styles\tailwind.css @apply should not be used with the 'group' utility

  5 | @layer components {
  6 |     .glass-card-premium {
> 7 |         @apply bg-white/5 dark:bg-surface-container-lowest/40 backdrop-blur-3xl border border-white/20 dark:border-white/10 shadow-[0_8px_32px_rgba(0,0,0,0.12)] relative overflow-hidden group rounded-[2rem];
    |         ^
  8 |     }
  9 |  @ webpack-internal:///(app-pages-browser)/./node_modules/next/dist/next-devtools/userspace/app/errors/intercept-console-error.js:56
[  318329ms] [ERROR] ./src/styles/index.css
Syntax error: D:\Workout OS\src\styles\tailwind.css @apply should not be used with the 'group' utility (7:9)

  5 | @layer components {
  6 |     .glass-card-premium {
> 7 |         @apply bg-white/5 dark:bg-surface-container-lowest/40 backdrop-blur-3xl border border-white/20 dark:border-white/10 shadow-[0_8px_32px_rgba(0,0,0,0.12)] relative overflow-hidden group rounded-[2rem];
    |         ^
  8 |     }
  9 |     
-- inner error --
Syntax error: D:\Workout OS\src\styles\tailwind.css @apply should not be used with the 'group' utility (7:9)

  5 | @layer components {
  6 |     .glass-card-premium {
> 7 |         @apply bg-white/5 dark:bg-surface-container-lowest/40 backdrop-blur-3xl border border-white/20 dark:border-white/10 shadow-[0_8px_32px_rgba(0,0,0,0.12)] relative overflow-hidden group rounded-[2rem];
    |         ^
  8 |     }
  9 |     
Generated code for D:\Workout OS\node_modules\next\dist\build\webpack\loaders\css-loader\src\index.js??ruleSet[1].rules[14].oneOf[10].use[2]!D:\Workout OS\node_modules\next\dist\build\webpack\loaders\postcss-loader\src\index.js??ruleSet[1].rules[14].oneOf[10].use[3]!D:\Workout OS\src\styles\tailwind.css

Generated code for D:\Workout OS\node_modules\next\dist\build\webpack\loaders\css-loader\src\index.js??ruleSet[1].rules[14].oneOf[10].use[2]!D:\Workout OS\node_modules\next\dist\build\webpack\loaders\postcss-loader\src\index.js??ruleSet[1].rules[14].oneOf[10].use[3]!D:\Workout OS\src\styles\index.css
 1 | __webpack_require__.r(__webpack_exports__);
 2 | /* harmony export */ __webpack_require__.d(__webpack_exports__, {
 3 | /* harmony export */   "default": () => (__WEBPACK_DEFAULT_EXPORT__)
 4 | /* harmony export */ });
 5 | /* harmony import */ var _node_modules_next_dist_build_webpack_loaders_css_loader_src_runtime_api_js__WEBPACK_IMPORTED_MODULE_0__ = __webpack_require__(/*! ../../node_modules/next/dist/build/webpack/loaders/css-loader/src/runtime/api.js */ "D:\\Workout OS\\node_modules\\next\\dist\\build\\webpack\\loaders\\css-loader\\src\\runtime\\api.js");
 6 | /* harmony import */ var _node_modules_next_dist_build_webpack_loaders_css_loader_src_runtime_api_js__WEBPACK_IMPORTED_MODULE_0___default = /*#__PURE__*/__webpack_require__.n(_node_modules_next_dist_build_webpack_loaders_css_loader_src_runtime_api_js__WEBPACK_IMPORTED_MODULE_0__);
 7 | /* harmony import */ var _node_modules_next_dist_build_webpack_loaders_css_loader_src_index_js_ruleSet_1_rules_14_oneOf_10_use_2_node_modules_next_dist_build_webpack_loaders_postcss_loader_src_index_js_ruleSet_1_rules_14_oneOf_10_use_3_tailwind_css__WEBPACK_IMPORTED_MODULE_1__ = __webpack_require__(/*! -!../../node_modules/next/dist/build/webpack/loaders/css-loader/src/index.js??ruleSet[1].rules[14].oneOf[10].use[2]!../../node_modules/next/dist/build/webpack/loaders/postcss-loader/src/index.js??ruleSet[1].rules[14].oneOf[10].use[3]!./tailwind.css */ "D:\\Workout OS\\node_modules\\next\\dist\\build\\webpack\\loaders\\css-loader\\src\\index.js??ruleSet[1].rules[14].oneOf[10].use[2]!D:\\Workout OS\\node_modules\\next\\dist\\build\\webpack\\loaders\\postcss-loader\\src\\index.js??ruleSet[1].rules[14].oneOf[10].use[3]!D:\\Workout OS\\src\\styles\\tailwind.css");
 8 | // Imports
 9 | 
10 | 
11 | var ___CSS_LOADER_EXPORT___ = _node_modules_next_dist_build_webpack_loaders_css_loader_src_runtime_api_js__WEBPACK_IMPORTED_MODULE_0___default()(true);
12 | ___CSS_LOADER_EXPORT___.i(_node_modules_next_dist_build_webpack_loaders_css_loader_src_index_js_ruleSet_1_rules_14_oneOf_10_use_2_node_modules_next_dist_build_webpack_loaders_postcss_loader_src_index_js_ruleSet_1_rules_14_oneOf_10_use_3_tailwind_css__WEBPACK_IMPORTED_MODULE_1__["default"]);
13 | // Module
14 | ___CSS_LOADER_EXPORT___.push([module.id, "@import url('https://fonts.cdnfonts.com/css/sf-pro-display');", "",{"version":3,"sources":["webpack://src/styles/index.css"],"names":[],"mappings":"AAAA,4DAA4D","sourcesContent":["@import url('https://fonts.cdnfonts.com/css/sf-pro-display');\n@import './tailwind.css';"],"sourceRoot":""}]);
15 | // Exports
16 | /* harmony default export */ const __WEBPACK_DEFAULT_EXPORT__ = (___CSS_LOADER_EXPORT___);
17 | 

Import trace for requested module:
./src/styles/index.css @ webpack-internal:///(app-pages-browser)/./node_modules/next/dist/next-devtools/userspace/app/errors/intercept-console-error.js:56
[  361242ms] [LOG] [Fast Refresh] rebuilding @ webpack-internal:///(app-pages-browser)/./node_modules/next/dist/client/dev/hot-reloader/app/hot-reloader-app.js:196
[  362255ms] [ERROR] ./src/styles/tailwind.css:7:9
Syntax error: D:\Workout OS\src\styles\tailwind.css @apply should not be used with the 'group' utility

  5 | @layer components {
  6 |     .glass-card-premium {
> 7 |         @apply bg-white/5 dark:bg-surface-container-lowest/40 backdrop-blur-3xl border border-white/20 dark:border-white/10 shadow-[0_8px_32px_rgba(0,0,0,0.12)] relative overflow-hidden group rounded-[2rem];
    |         ^
  8 |     }
  9 |  @ webpack-internal:///(app-pages-browser)/./node_modules/next/dist/next-devtools/userspace/app/errors/intercept-console-error.js:56
[  362256ms] [ERROR] ./src/styles/index.css
Syntax error: D:\Workout OS\src\styles\tailwind.css @apply should not be used with the 'group' utility (7:9)

  5 | @layer components {
  6 |     .glass-card-premium {
> 7 |         @apply bg-white/5 dark:bg-surface-container-lowest/40 backdrop-blur-3xl border border-white/20 dark:border-white/10 shadow-[0_8px_32px_rgba(0,0,0,0.12)] relative overflow-hidden group rounded-[2rem];
    |         ^
  8 |     }
  9 |     
-- inner error --
Syntax error: D:\Workout OS\src\styles\tailwind.css @apply should not be used with the 'group' utility (7:9)

  5 | @layer components {
  6 |     .glass-card-premium {
> 7 |         @apply bg-white/5 dark:bg-surface-container-lowest/40 backdrop-blur-3xl border border-white/20 dark:border-white/10 shadow-[0_8px_32px_rgba(0,0,0,0.12)] relative overflow-hidden group rounded-[2rem];
    |         ^
  8 |     }
  9 |     
Generated code for D:\Workout OS\node_modules\next\dist\build\webpack\loaders\css-loader\src\index.js??ruleSet[1].rules[14].oneOf[10].use[2]!D:\Workout OS\node_modules\next\dist\build\webpack\loaders\postcss-loader\src\index.js??ruleSet[1].rules[14].oneOf[10].use[3]!D:\Workout OS\src\styles\tailwind.css

Generated code for D:\Workout OS\node_modules\next\dist\build\webpack\loaders\css-loader\src\index.js??ruleSet[1].rules[14].oneOf[10].use[2]!D:\Workout OS\node_modules\next\dist\build\webpack\loaders\postcss-loader\src\index.js??ruleSet[1].rules[14].oneOf[10].use[3]!D:\Workout OS\src\styles\index.css
 1 | __webpack_require__.r(__webpack_exports__);
 2 | /* harmony export */ __webpack_require__.d(__webpack_exports__, {
 3 | /* harmony export */   "default": () => (__WEBPACK_DEFAULT_EXPORT__)
 4 | /* harmony export */ });
 5 | /* harmony import */ var _node_modules_next_dist_build_webpack_loaders_css_loader_src_runtime_api_js__WEBPACK_IMPORTED_MODULE_0__ = __webpack_require__(/*! ../../node_modules/next/dist/build/webpack/loaders/css-loader/src/runtime/api.js */ "D:\\Workout OS\\node_modules\\next\\dist\\build\\webpack\\loaders\\css-loader\\src\\runtime\\api.js");
 6 | /* harmony import */ var _node_modules_next_dist_build_webpack_loaders_css_loader_src_runtime_api_js__WEBPACK_IMPORTED_MODULE_0___default = /*#__PURE__*/__webpack_require__.n(_node_modules_next_dist_build_webpack_loaders_css_loader_src_runtime_api_js__WEBPACK_IMPORTED_MODULE_0__);
 7 | /* harmony import */ var _node_modules_next_dist_build_webpack_loaders_css_loader_src_index_js_ruleSet_1_rules_14_oneOf_10_use_2_node_modules_next_dist_build_webpack_loaders_postcss_loader_src_index_js_ruleSet_1_rules_14_oneOf_10_use_3_tailwind_css__WEBPACK_IMPORTED_MODULE_1__ = __webpack_require__(/*! -!../../node_modules/next/dist/build/webpack/loaders/css-loader/src/index.js??ruleSet[1].rules[14].oneOf[10].use[2]!../../node_modules/next/dist/build/webpack/loaders/postcss-loader/src/index.js??ruleSet[1].rules[14].oneOf[10].use[3]!./tailwind.css */ "D:\\Workout OS\\node_modules\\next\\dist\\build\\webpack\\loaders\\css-loader\\src\\index.js??ruleSet[1].rules[14].oneOf[10].use[2]!D:\\Workout OS\\node_modules\\next\\dist\\build\\webpack\\loaders\\postcss-loader\\src\\index.js??ruleSet[1].rules[14].oneOf[10].use[3]!D:\\Workout OS\\src\\styles\\tailwind.css");
 8 | // Imports
 9 | 
10 | 
11 | var ___CSS_LOADER_EXPORT___ = _node_modules_next_dist_build_webpack_loaders_css_loader_src_runtime_api_js__WEBPACK_IMPORTED_MODULE_0___default()(true);
12 | ___CSS_LOADER_EXPORT___.i(_node_modules_next_dist_build_webpack_loaders_css_loader_src_index_js_ruleSet_1_rules_14_oneOf_10_use_2_node_modules_next_dist_build_webpack_loaders_postcss_loader_src_index_js_ruleSet_1_rules_14_oneOf_10_use_3_tailwind_css__WEBPACK_IMPORTED_MODULE_1__["default"]);
13 | // Module
14 | ___CSS_LOADER_EXPORT___.push([module.id, "@import url('https://fonts.cdnfonts.com/css/sf-pro-display');", "",{"version":3,"sources":["webpack://src/styles/index.css"],"names":[],"mappings":"AAAA,4DAA4D","sourcesContent":["@import url('https://fonts.cdnfonts.com/css/sf-pro-display');\n@import './tailwind.css';"],"sourceRoot":""}]);
15 | // Exports
16 | /* harmony default export */ const __WEBPACK_DEFAULT_EXPORT__ = (___CSS_LOADER_EXPORT___);
17 | 

Import trace for requested module:
./src/styles/index.css @ webpack-internal:///(app-pages-browser)/./node_modules/next/dist/next-devtools/userspace/app/errors/intercept-console-error.js:56
[  378289ms] [LOG] [Fast Refresh] rebuilding @ webpack-internal:///(app-pages-browser)/./node_modules/next/dist/client/dev/hot-reloader/app/hot-reloader-app.js:196
[  378766ms] [ERROR] ./src/styles/tailwind.css:7:9
Syntax error: D:\Workout OS\src\styles\tailwind.css @apply should not be used with the 'group' utility

  5 | @layer components {
  6 |     .glass-card-premium {
> 7 |         @apply bg-white/5 dark:bg-surface-container-lowest/40 backdrop-blur-3xl border border-white/20 dark:border-white/10 shadow-[0_8px_32px_rgba(0,0,0,0.12)] relative overflow-hidden group rounded-[2rem];
    |         ^
  8 |     }
  9 |  @ webpack-internal:///(app-pages-browser)/./node_modules/next/dist/next-devtools/userspace/app/errors/intercept-console-error.js:56
[  378766ms] [ERROR] ./src/styles/index.css
Syntax error: D:\Workout OS\src\styles\tailwind.css @apply should not be used with the 'group' utility (7:9)

  5 | @layer components {
  6 |     .glass-card-premium {
> 7 |         @apply bg-white/5 dark:bg-surface-container-lowest/40 backdrop-blur-3xl border border-white/20 dark:border-white/10 shadow-[0_8px_32px_rgba(0,0,0,0.12)] relative overflow-hidden group rounded-[2rem];
    |         ^
  8 |     }
  9 |     
-- inner error --
Syntax error: D:\Workout OS\src\styles\tailwind.css @apply should not be used with the 'group' utility (7:9)

  5 | @layer components {
  6 |     .glass-card-premium {
> 7 |         @apply bg-white/5 dark:bg-surface-container-lowest/40 backdrop-blur-3xl border border-white/20 dark:border-white/10 shadow-[0_8px_32px_rgba(0,0,0,0.12)] relative overflow-hidden group rounded-[2rem];
    |         ^
  8 |     }
  9 |     
Generated code for D:\Workout OS\node_modules\next\dist\build\webpack\loaders\css-loader\src\index.js??ruleSet[1].rules[14].oneOf[10].use[2]!D:\Workout OS\node_modules\next\dist\build\webpack\loaders\postcss-loader\src\index.js??ruleSet[1].rules[14].oneOf[10].use[3]!D:\Workout OS\src\styles\tailwind.css

Generated code for D:\Workout OS\node_modules\next\dist\build\webpack\loaders\css-loader\src\index.js??ruleSet[1].rules[14].oneOf[10].use[2]!D:\Workout OS\node_modules\next\dist\build\webpack\loaders\postcss-loader\src\index.js??ruleSet[1].rules[14].oneOf[10].use[3]!D:\Workout OS\src\styles\index.css
 1 | __webpack_require__.r(__webpack_exports__);
 2 | /* harmony export */ __webpack_require__.d(__webpack_exports__, {
 3 | /* harmony export */   "default": () => (__WEBPACK_DEFAULT_EXPORT__)
 4 | /* harmony export */ });
 5 | /* harmony import */ var _node_modules_next_dist_build_webpack_loaders_css_loader_src_runtime_api_js__WEBPACK_IMPORTED_MODULE_0__ = __webpack_require__(/*! ../../node_modules/next/dist/build/webpack/loaders/css-loader/src/runtime/api.js */ "D:\\Workout OS\\node_modules\\next\\dist\\build\\webpack\\loaders\\css-loader\\src\\runtime\\api.js");
 6 | /* harmony import */ var _node_modules_next_dist_build_webpack_loaders_css_loader_src_runtime_api_js__WEBPACK_IMPORTED_MODULE_0___default = /*#__PURE__*/__webpack_require__.n(_node_modules_next_dist_build_webpack_loaders_css_loader_src_runtime_api_js__WEBPACK_IMPORTED_MODULE_0__);
 7 | /* harmony import */ var _node_modules_next_dist_build_webpack_loaders_css_loader_src_index_js_ruleSet_1_rules_14_oneOf_10_use_2_node_modules_next_dist_build_webpack_loaders_postcss_loader_src_index_js_ruleSet_1_rules_14_oneOf_10_use_3_tailwind_css__WEBPACK_IMPORTED_MODULE_1__ = __webpack_require__(/*! -!../../node_modules/next/dist/build/webpack/loaders/css-loader/src/index.js??ruleSet[1].rules[14].oneOf[10].use[2]!../../node_modules/next/dist/build/webpack/loaders/postcss-loader/src/index.js??ruleSet[1].rules[14].oneOf[10].use[3]!./tailwind.css */ "D:\\Workout OS\\node_modules\\next\\dist\\build\\webpack\\loaders\\css-loader\\src\\index.js??ruleSet[1].rules[14].oneOf[10].use[2]!D:\\Workout OS\\node_modules\\next\\dist\\build\\webpack\\loaders\\postcss-loader\\src\\index.js??ruleSet[1].rules[14].oneOf[10].use[3]!D:\\Workout OS\\src\\styles\\tailwind.css");
 8 | // Imports
 9 | 
10 | 
11 | var ___CSS_LOADER_EXPORT___ = _node_modules_next_dist_build_webpack_loaders_css_loader_src_runtime_api_js__WEBPACK_IMPORTED_MODULE_0___default()(true);
12 | ___CSS_LOADER_EXPORT___.i(_node_modules_next_dist_build_webpack_loaders_css_loader_src_index_js_ruleSet_1_rules_14_oneOf_10_use_2_node_modules_next_dist_build_webpack_loaders_postcss_loader_src_index_js_ruleSet_1_rules_14_oneOf_10_use_3_tailwind_css__WEBPACK_IMPORTED_MODULE_1__["default"]);
13 | // Module
14 | ___CSS_LOADER_EXPORT___.push([module.id, "@import url('https://fonts.cdnfonts.com/css/sf-pro-display');", "",{"version":3,"sources":["webpack://src/styles/index.css"],"names":[],"mappings":"AAAA,4DAA4D","sourcesContent":["@import url('https://fonts.cdnfonts.com/css/sf-pro-display');\n@import './tailwind.css';"],"sourceRoot":""}]);
15 | // Exports
16 | /* harmony default export */ const __WEBPACK_DEFAULT_EXPORT__ = (___CSS_LOADER_EXPORT___);
17 | 

Import trace for requested module:
./src/styles/index.css @ webpack-internal:///(app-pages-browser)/./node_modules/next/dist/next-devtools/userspace/app/errors/intercept-console-error.js:56
[  403116ms] [LOG] [Fast Refresh] rebuilding @ webpack-internal:///(app-pages-browser)/./node_modules/next/dist/client/dev/hot-reloader/app/hot-reloader-app.js:196
[  404215ms] [ERROR] ./src/styles/tailwind.css:7:9
Syntax error: D:\Workout OS\src\styles\tailwind.css @apply should not be used with the 'group' utility

  5 | @layer components {
  6 |     .glass-card-premium {
> 7 |         @apply bg-white/5 dark:bg-surface-container-lowest/40 backdrop-blur-3xl border border-white/20 dark:border-white/10 shadow-[0_8px_32px_rgba(0,0,0,0.12)] relative overflow-hidden group rounded-[2rem];
    |         ^
  8 |     }
  9 |  @ webpack-internal:///(app-pages-browser)/./node_modules/next/dist/next-devtools/userspace/app/errors/intercept-console-error.js:56
[  404216ms] [ERROR] ./src/styles/index.css
Syntax error: D:\Workout OS\src\styles\tailwind.css @apply should not be used with the 'group' utility (7:9)

  5 | @layer components {
  6 |     .glass-card-premium {
> 7 |         @apply bg-white/5 dark:bg-surface-container-lowest/40 backdrop-blur-3xl border border-white/20 dark:border-white/10 shadow-[0_8px_32px_rgba(0,0,0,0.12)] relative overflow-hidden group rounded-[2rem];
    |         ^
  8 |     }
  9 |     
-- inner error --
Syntax error: D:\Workout OS\src\styles\tailwind.css @apply should not be used with the 'group' utility (7:9)

  5 | @layer components {
  6 |     .glass-card-premium {
> 7 |         @apply bg-white/5 dark:bg-surface-container-lowest/40 backdrop-blur-3xl border border-white/20 dark:border-white/10 shadow-[0_8px_32px_rgba(0,0,0,0.12)] relative overflow-hidden group rounded-[2rem];
    |         ^
  8 |     }
  9 |     
Generated code for D:\Workout OS\node_modules\next\dist\build\webpack\loaders\css-loader\src\index.js??ruleSet[1].rules[14].oneOf[10].use[2]!D:\Workout OS\node_modules\next\dist\build\webpack\loaders\postcss-loader\src\index.js??ruleSet[1].rules[14].oneOf[10].use[3]!D:\Workout OS\src\styles\tailwind.css

Generated code for D:\Workout OS\node_modules\next\dist\build\webpack\loaders\css-loader\src\index.js??ruleSet[1].rules[14].oneOf[10].use[2]!D:\Workout OS\node_modules\next\dist\build\webpack\loaders\postcss-loader\src\index.js??ruleSet[1].rules[14].oneOf[10].use[3]!D:\Workout OS\src\styles\index.css
 1 | __webpack_require__.r(__webpack_exports__);
 2 | /* harmony export */ __webpack_require__.d(__webpack_exports__, {
 3 | /* harmony export */   "default": () => (__WEBPACK_DEFAULT_EXPORT__)
 4 | /* harmony export */ });
 5 | /* harmony import */ var _node_modules_next_dist_build_webpack_loaders_css_loader_src_runtime_api_js__WEBPACK_IMPORTED_MODULE_0__ = __webpack_require__(/*! ../../node_modules/next/dist/build/webpack/loaders/css-loader/src/runtime/api.js */ "D:\\Workout OS\\node_modules\\next\\dist\\build\\webpack\\loaders\\css-loader\\src\\runtime\\api.js");
 6 | /* harmony import */ var _node_modules_next_dist_build_webpack_loaders_css_loader_src_runtime_api_js__WEBPACK_IMPORTED_MODULE_0___default = /*#__PURE__*/__webpack_require__.n(_node_modules_next_dist_build_webpack_loaders_css_loader_src_runtime_api_js__WEBPACK_IMPORTED_MODULE_0__);
 7 | /* harmony import */ var _node_modules_next_dist_build_webpack_loaders_css_loader_src_index_js_ruleSet_1_rules_14_oneOf_10_use_2_node_modules_next_dist_build_webpack_loaders_postcss_loader_src_index_js_ruleSet_1_rules_14_oneOf_10_use_3_tailwind_css__WEBPACK_IMPORTED_MODULE_1__ = __webpack_require__(/*! -!../../node_modules/next/dist/build/webpack/loaders/css-loader/src/index.js??ruleSet[1].rules[14].oneOf[10].use[2]!../../node_modules/next/dist/build/webpack/loaders/postcss-loader/src/index.js??ruleSet[1].rules[14].oneOf[10].use[3]!./tailwind.css */ "D:\\Workout OS\\node_modules\\next\\dist\\build\\webpack\\loaders\\css-loader\\src\\index.js??ruleSet[1].rules[14].oneOf[10].use[2]!D:\\Workout OS\\node_modules\\next\\dist\\build\\webpack\\loaders\\postcss-loader\\src\\index.js??ruleSet[1].rules[14].oneOf[10].use[3]!D:\\Workout OS\\src\\styles\\tailwind.css");
 8 | // Imports
 9 | 
10 | 
11 | var ___CSS_LOADER_EXPORT___ = _node_modules_next_dist_build_webpack_loaders_css_loader_src_runtime_api_js__WEBPACK_IMPORTED_MODULE_0___default()(true);
12 | ___CSS_LOADER_EXPORT___.i(_node_modules_next_dist_build_webpack_loaders_css_loader_src_index_js_ruleSet_1_rules_14_oneOf_10_use_2_node_modules_next_dist_build_webpack_loaders_postcss_loader_src_index_js_ruleSet_1_rules_14_oneOf_10_use_3_tailwind_css__WEBPACK_IMPORTED_MODULE_1__["default"]);
13 | // Module
14 | ___CSS_LOADER_EXPORT___.push([module.id, "@import url('https://fonts.cdnfonts.com/css/sf-pro-display');", "",{"version":3,"sources":["webpack://src/styles/index.css"],"names":[],"mappings":"AAAA,4DAA4D","sourcesContent":["@import url('https://fonts.cdnfonts.com/css/sf-pro-display');\n@import './tailwind.css';"],"sourceRoot":""}]);
15 | // Exports
16 | /* harmony default export */ const __WEBPACK_DEFAULT_EXPORT__ = (___CSS_LOADER_EXPORT___);
17 | 

Import trace for requested module:
./src/styles/index.css @ webpack-internal:///(app-pages-browser)/./node_modules/next/dist/next-devtools/userspace/app/errors/intercept-console-error.js:56
[  404230ms] [LOG] [Fast Refresh] rebuilding @ webpack-internal:///(app-pages-browser)/./node_modules/next/dist/client/dev/hot-reloader/app/hot-reloader-app.js:196
[  405867ms] [ERROR] ./src/styles/tailwind.css:7:9
Syntax error: D:\Workout OS\src\styles\tailwind.css @apply should not be used with the 'group' utility

  5 | @layer components {
  6 |     .glass-card-premium {
> 7 |         @apply bg-white/5 dark:bg-surface-container-lowest/40 backdrop-blur-3xl border border-white/20 dark:border-white/10 shadow-[0_8px_32px_rgba(0,0,0,0.12)] relative overflow-hidden group rounded-[2rem];
    |         ^
  8 |     }
  9 |  @ webpack-internal:///(app-pages-browser)/./node_modules/next/dist/next-devtools/userspace/app/errors/intercept-console-error.js:56
[  405868ms] [ERROR] ./src/styles/index.css
Syntax error: D:\Workout OS\src\styles\tailwind.css @apply should not be used with the 'group' utility (7:9)

  5 | @layer components {
  6 |     .glass-card-premium {
> 7 |         @apply bg-white/5 dark:bg-surface-container-lowest/40 backdrop-blur-3xl border border-white/20 dark:border-white/10 shadow-[0_8px_32px_rgba(0,0,0,0.12)] relative overflow-hidden group rounded-[2rem];
    |         ^
  8 |     }
  9 |     
-- inner error --
Syntax error: D:\Workout OS\src\styles\tailwind.css @apply should not be used with the 'group' utility (7:9)

  5 | @layer components {
  6 |     .glass-card-premium {
> 7 |         @apply bg-white/5 dark:bg-surface-container-lowest/40 backdrop-blur-3xl border border-white/20 dark:border-white/10 shadow-[0_8px_32px_rgba(0,0,0,0.12)] relative overflow-hidden group rounded-[2rem];
    |         ^
  8 |     }
  9 |     
Generated code for D:\Workout OS\node_modules\next\dist\build\webpack\loaders\css-loader\src\index.js??ruleSet[1].rules[14].oneOf[10].use[2]!D:\Workout OS\node_modules\next\dist\build\webpack\loaders\postcss-loader\src\index.js??ruleSet[1].rules[14].oneOf[10].use[3]!D:\Workout OS\src\styles\tailwind.css

Generated code for D:\Workout OS\node_modules\next\dist\build\webpack\loaders\css-loader\src\index.js??ruleSet[1].rules[14].oneOf[10].use[2]!D:\Workout OS\node_modules\next\dist\build\webpack\loaders\postcss-loader\src\index.js??ruleSet[1].rules[14].oneOf[10].use[3]!D:\Workout OS\src\styles\index.css
 1 | __webpack_require__.r(__webpack_exports__);
 2 | /* harmony export */ __webpack_require__.d(__webpack_exports__, {
 3 | /* harmony export */   "default": () => (__WEBPACK_DEFAULT_EXPORT__)
 4 | /* harmony export */ });
 5 | /* harmony import */ var _node_modules_next_dist_build_webpack_loaders_css_loader_src_runtime_api_js__WEBPACK_IMPORTED_MODULE_0__ = __webpack_require__(/*! ../../node_modules/next/dist/build/webpack/loaders/css-loader/src/runtime/api.js */ "D:\\Workout OS\\node_modules\\next\\dist\\build\\webpack\\loaders\\css-loader\\src\\runtime\\api.js");
 6 | /* harmony import */ var _node_modules_next_dist_build_webpack_loaders_css_loader_src_runtime_api_js__WEBPACK_IMPORTED_MODULE_0___default = /*#__PURE__*/__webpack_require__.n(_node_modules_next_dist_build_webpack_loaders_css_loader_src_runtime_api_js__WEBPACK_IMPORTED_MODULE_0__);
 7 | /* harmony import */ var _node_modules_next_dist_build_webpack_loaders_css_loader_src_index_js_ruleSet_1_rules_14_oneOf_10_use_2_node_modules_next_dist_build_webpack_loaders_postcss_loader_src_index_js_ruleSet_1_rules_14_oneOf_10_use_3_tailwind_css__WEBPACK_IMPORTED_MODULE_1__ = __webpack_require__(/*! -!../../node_modules/next/dist/build/webpack/loaders/css-loader/src/index.js??ruleSet[1].rules[14].oneOf[10].use[2]!../../node_modules/next/dist/build/webpack/loaders/postcss-loader/src/index.js??ruleSet[1].rules[14].oneOf[10].use[3]!./tailwind.css */ "D:\\Workout OS\\node_modules\\next\\dist\\build\\webpack\\loaders\\css-loader\\src\\index.js??ruleSet[1].rules[14].oneOf[10].use[2]!D:\\Workout OS\\node_modules\\next\\dist\\build\\webpack\\loaders\\postcss-loader\\src\\index.js??ruleSet[1].rules[14].oneOf[10].use[3]!D:\\Workout OS\\src\\styles\\tailwind.css");
 8 | // Imports
 9 | 
10 | 
11 | var ___CSS_LOADER_EXPORT___ = _node_modules_next_dist_build_webpack_loaders_css_loader_src_runtime_api_js__WEBPACK_IMPORTED_MODULE_0___default()(true);
12 | ___CSS_LOADER_EXPORT___.i(_node_modules_next_dist_build_webpack_loaders_css_loader_src_index_js_ruleSet_1_rules_14_oneOf_10_use_2_node_modules_next_dist_build_webpack_loaders_postcss_loader_src_index_js_ruleSet_1_rules_14_oneOf_10_use_3_tailwind_css__WEBPACK_IMPORTED_MODULE_1__["default"]);
13 | // Module
14 | ___CSS_LOADER_EXPORT___.push([module.id, "@import url('https://fonts.cdnfonts.com/css/sf-pro-display');", "",{"version":3,"sources":["webpack://src/styles/index.css"],"names":[],"mappings":"AAAA,4DAA4D","sourcesContent":["@import url('https://fonts.cdnfonts.com/css/sf-pro-display');\n@import './tailwind.css';"],"sourceRoot":""}]);
15 | // Exports
16 | /* harmony default export */ const __WEBPACK_DEFAULT_EXPORT__ = (___CSS_LOADER_EXPORT___);
17 | 

Import trace for requested module:
./src/styles/index.css @ webpack-internal:///(app-pages-browser)/./node_modules/next/dist/next-devtools/userspace/app/errors/intercept-console-error.js:56
[  465072ms] [LOG] [Fast Refresh] rebuilding @ webpack-internal:///(app-pages-browser)/./node_modules/next/dist/client/dev/hot-reloader/app/hot-reloader-app.js:196
[  465564ms] [ERROR] ./src/styles/tailwind.css:7:9
Syntax error: D:\Workout OS\src\styles\tailwind.css @apply should not be used with the 'group' utility

  5 | @layer components {
  6 |     .glass-card-premium {
> 7 |         @apply bg-white/5 dark:bg-surface-container-lowest/40 backdrop-blur-3xl border border-white/20 dark:border-white/10 shadow-[0_8px_32px_rgba(0,0,0,0.12)] relative overflow-hidden group rounded-[2rem];
    |         ^
  8 |     }
  9 |  @ webpack-internal:///(app-pages-browser)/./node_modules/next/dist/next-devtools/userspace/app/errors/intercept-console-error.js:56
[  465564ms] [ERROR] ./src/styles/index.css
Syntax error: D:\Workout OS\src\styles\tailwind.css @apply should not be used with the 'group' utility (7:9)

  5 | @layer components {
  6 |     .glass-card-premium {
> 7 |         @apply bg-white/5 dark:bg-surface-container-lowest/40 backdrop-blur-3xl border border-white/20 dark:border-white/10 shadow-[0_8px_32px_rgba(0,0,0,0.12)] relative overflow-hidden group rounded-[2rem];
    |         ^
  8 |     }
  9 |     
-- inner error --
Syntax error: D:\Workout OS\src\styles\tailwind.css @apply should not be used with the 'group' utility (7:9)

  5 | @layer components {
  6 |     .glass-card-premium {
> 7 |         @apply bg-white/5 dark:bg-surface-container-lowest/40 backdrop-blur-3xl border border-white/20 dark:border-white/10 shadow-[0_8px_32px_rgba(0,0,0,0.12)] relative overflow-hidden group rounded-[2rem];
    |         ^
  8 |     }
  9 |     
Generated code for D:\Workout OS\node_modules\next\dist\build\webpack\loaders\css-loader\src\index.js??ruleSet[1].rules[14].oneOf[10].use[2]!D:\Workout OS\node_modules\next\dist\build\webpack\loaders\postcss-loader\src\index.js??ruleSet[1].rules[14].oneOf[10].use[3]!D:\Workout OS\src\styles\tailwind.css

Generated code for D:\Workout OS\node_modules\next\dist\build\webpack\loaders\css-loader\src\index.js??ruleSet[1].rules[14].oneOf[10].use[2]!D:\Workout OS\node_modules\next\dist\build\webpack\loaders\postcss-loader\src\index.js??ruleSet[1].rules[14].oneOf[10].use[3]!D:\Workout OS\src\styles\index.css
 1 | __webpack_require__.r(__webpack_exports__);
 2 | /* harmony export */ __webpack_require__.d(__webpack_exports__, {
 3 | /* harmony export */   "default": () => (__WEBPACK_DEFAULT_EXPORT__)
 4 | /* harmony export */ });
 5 | /* harmony import */ var _node_modules_next_dist_build_webpack_loaders_css_loader_src_runtime_api_js__WEBPACK_IMPORTED_MODULE_0__ = __webpack_require__(/*! ../../node_modules/next/dist/build/webpack/loaders/css-loader/src/runtime/api.js */ "D:\\Workout OS\\node_modules\\next\\dist\\build\\webpack\\loaders\\css-loader\\src\\runtime\\api.js");
 6 | /* harmony import */ var _node_modules_next_dist_build_webpack_loaders_css_loader_src_runtime_api_js__WEBPACK_IMPORTED_MODULE_0___default = /*#__PURE__*/__webpack_require__.n(_node_modules_next_dist_build_webpack_loaders_css_loader_src_runtime_api_js__WEBPACK_IMPORTED_MODULE_0__);
 7 | /* harmony import */ var _node_modules_next_dist_build_webpack_loaders_css_loader_src_index_js_ruleSet_1_rules_14_oneOf_10_use_2_node_modules_next_dist_build_webpack_loaders_postcss_loader_src_index_js_ruleSet_1_rules_14_oneOf_10_use_3_tailwind_css__WEBPACK_IMPORTED_MODULE_1__ = __webpack_require__(/*! -!../../node_modules/next/dist/build/webpack/loaders/css-loader/src/index.js??ruleSet[1].rules[14].oneOf[10].use[2]!../../node_modules/next/dist/build/webpack/loaders/postcss-loader/src/index.js??ruleSet[1].rules[14].oneOf[10].use[3]!./tailwind.css */ "D:\\Workout OS\\node_modules\\next\\dist\\build\\webpack\\loaders\\css-loader\\src\\index.js??ruleSet[1].rules[14].oneOf[10].use[2]!D:\\Workout OS\\node_modules\\next\\dist\\build\\webpack\\loaders\\postcss-loader\\src\\index.js??ruleSet[1].rules[14].oneOf[10].use[3]!D:\\Workout OS\\src\\styles\\tailwind.css");
 8 | // Imports
 9 | 
10 | 
11 | var ___CSS_LOADER_EXPORT___ = _node_modules_next_dist_build_webpack_loaders_css_loader_src_runtime_api_js__WEBPACK_IMPORTED_MODULE_0___default()(true);
12 | ___CSS_LOADER_EXPORT___.i(_node_modules_next_dist_build_webpack_loaders_css_loader_src_index_js_ruleSet_1_rules_14_oneOf_10_use_2_node_modules_next_dist_build_webpack_loaders_postcss_loader_src_index_js_ruleSet_1_rules_14_oneOf_10_use_3_tailwind_css__WEBPACK_IMPORTED_MODULE_1__["default"]);
13 | // Module
14 | ___CSS_LOADER_EXPORT___.push([module.id, "@import url('https://fonts.cdnfonts.com/css/sf-pro-display');", "",{"version":3,"sources":["webpack://src/styles/index.css"],"names":[],"mappings":"AAAA,4DAA4D","sourcesContent":["@import url('https://fonts.cdnfonts.com/css/sf-pro-display');\n@import './tailwind.css';"],"sourceRoot":""}]);
15 | // Exports
16 | /* harmony default export */ const __WEBPACK_DEFAULT_EXPORT__ = (___CSS_LOADER_EXPORT___);
17 | 

Import trace for requested module:
./src/styles/index.css @ webpack-internal:///(app-pages-browser)/./node_modules/next/dist/next-devtools/userspace/app/errors/intercept-console-error.js:56
[  465575ms] [LOG] [Fast Refresh] rebuilding @ webpack-internal:///(app-pages-browser)/./node_modules/next/dist/client/dev/hot-reloader/app/hot-reloader-app.js:196
[  466478ms] [ERROR] ./src/styles/tailwind.css:7:9
Syntax error: D:\Workout OS\src\styles\tailwind.css @apply should not be used with the 'group' utility

  5 | @layer components {
  6 |     .glass-card-premium {
> 7 |         @apply bg-white/5 dark:bg-surface-container-lowest/40 backdrop-blur-3xl border border-white/20 dark:border-white/10 shadow-[0_8px_32px_rgba(0,0,0,0.12)] relative overflow-hidden group rounded-[2rem];
    |         ^
  8 |     }
  9 |  @ webpack-internal:///(app-pages-browser)/./node_modules/next/dist/next-devtools/userspace/app/errors/intercept-console-error.js:56
[  466479ms] [ERROR] ./src/styles/index.css
Syntax error: D:\Workout OS\src\styles\tailwind.css @apply should not be used with the 'group' utility (7:9)

  5 | @layer components {
  6 |     .glass-card-premium {
> 7 |         @apply bg-white/5 dark:bg-surface-container-lowest/40 backdrop-blur-3xl border border-white/20 dark:border-white/10 shadow-[0_8px_32px_rgba(0,0,0,0.12)] relative overflow-hidden group rounded-[2rem];
    |         ^
  8 |     }
  9 |     
-- inner error --
Syntax error: D:\Workout OS\src\styles\tailwind.css @apply should not be used with the 'group' utility (7:9)

  5 | @layer components {
  6 |     .glass-card-premium {
> 7 |         @apply bg-white/5 dark:bg-surface-container-lowest/40 backdrop-blur-3xl border border-white/20 dark:border-white/10 shadow-[0_8px_32px_rgba(0,0,0,0.12)] relative overflow-hidden group rounded-[2rem];
    |         ^
  8 |     }
  9 |     
Generated code for D:\Workout OS\node_modules\next\dist\build\webpack\loaders\css-loader\src\index.js??ruleSet[1].rules[14].oneOf[10].use[2]!D:\Workout OS\node_modules\next\dist\build\webpack\loaders\postcss-loader\src\index.js??ruleSet[1].rules[14].oneOf[10].use[3]!D:\Workout OS\src\styles\tailwind.css

Generated code for D:\Workout OS\node_modules\next\dist\build\webpack\loaders\css-loader\src\index.js??ruleSet[1].rules[14].oneOf[10].use[2]!D:\Workout OS\node_modules\next\dist\build\webpack\loaders\postcss-loader\src\index.js??ruleSet[1].rules[14].oneOf[10].use[3]!D:\Workout OS\src\styles\index.css
 1 | __webpack_require__.r(__webpack_exports__);
 2 | /* harmony export */ __webpack_require__.d(__webpack_exports__, {
 3 | /* harmony export */   "default": () => (__WEBPACK_DEFAULT_EXPORT__)
 4 | /* harmony export */ });
 5 | /* harmony import */ var _node_modules_next_dist_build_webpack_loaders_css_loader_src_runtime_api_js__WEBPACK_IMPORTED_MODULE_0__ = __webpack_require__(/*! ../../node_modules/next/dist/build/webpack/loaders/css-loader/src/runtime/api.js */ "D:\\Workout OS\\node_modules\\next\\dist\\build\\webpack\\loaders\\css-loader\\src\\runtime\\api.js");
 6 | /* harmony import */ var _node_modules_next_dist_build_webpack_loaders_css_loader_src_runtime_api_js__WEBPACK_IMPORTED_MODULE_0___default = /*#__PURE__*/__webpack_require__.n(_node_modules_next_dist_build_webpack_loaders_css_loader_src_runtime_api_js__WEBPACK_IMPORTED_MODULE_0__);
 7 | /* harmony import */ var _node_modules_next_dist_build_webpack_loaders_css_loader_src_index_js_ruleSet_1_rules_14_oneOf_10_use_2_node_modules_next_dist_build_webpack_loaders_postcss_loader_src_index_js_ruleSet_1_rules_14_oneOf_10_use_3_tailwind_css__WEBPACK_IMPORTED_MODULE_1__ = __webpack_require__(/*! -!../../node_modules/next/dist/build/webpack/loaders/css-loader/src/index.js??ruleSet[1].rules[14].oneOf[10].use[2]!../../node_modules/next/dist/build/webpack/loaders/postcss-loader/src/index.js??ruleSet[1].rules[14].oneOf[10].use[3]!./tailwind.css */ "D:\\Workout OS\\node_modules\\next\\dist\\build\\webpack\\loaders\\css-loader\\src\\index.js??ruleSet[1].rules[14].oneOf[10].use[2]!D:\\Workout OS\\node_modules\\next\\dist\\build\\webpack\\loaders\\postcss-loader\\src\\index.js??ruleSet[1].rules[14].oneOf[10].use[3]!D:\\Workout OS\\src\\styles\\tailwind.css");
 8 | // Imports
 9 | 
10 | 
11 | var ___CSS_LOADER_EXPORT___ = _node_modules_next_dist_build_webpack_loaders_css_loader_src_runtime_api_js__WEBPACK_IMPORTED_MODULE_0___default()(true);
12 | ___CSS_LOADER_EXPORT___.i(_node_modules_next_dist_build_webpack_loaders_css_loader_src_index_js_ruleSet_1_rules_14_oneOf_10_use_2_node_modules_next_dist_build_webpack_loaders_postcss_loader_src_index_js_ruleSet_1_rules_14_oneOf_10_use_3_tailwind_css__WEBPACK_IMPORTED_MODULE_1__["default"]);
13 | // Module
14 | ___CSS_LOADER_EXPORT___.push([module.id, "@import url('https://fonts.cdnfonts.com/css/sf-pro-display');", "",{"version":3,"sources":["webpack://src/styles/index.css"],"names":[],"mappings":"AAAA,4DAA4D","sourcesContent":["@import url('https://fonts.cdnfonts.com/css/sf-pro-display');\n@import './tailwind.css';"],"sourceRoot":""}]);
15 | // Exports
16 | /* harmony default export */ const __WEBPACK_DEFAULT_EXPORT__ = (___CSS_LOADER_EXPORT___);
17 | 

Import trace for requested module:
./src/styles/index.css @ webpack-internal:///(app-pages-browser)/./node_modules/next/dist/next-devtools/userspace/app/errors/intercept-console-error.js:56
[  504892ms] [LOG] [Fast Refresh] rebuilding @ webpack-internal:///(app-pages-browser)/./node_modules/next/dist/client/dev/hot-reloader/app/hot-reloader-app.js:196
[  505340ms] [ERROR] ./src/styles/tailwind.css:7:9
Syntax error: D:\Workout OS\src\styles\tailwind.css @apply should not be used with the 'group' utility

  5 | @layer components {
  6 |     .glass-card-premium {
> 7 |         @apply bg-white/5 dark:bg-surface-container-lowest/40 backdrop-blur-3xl border border-white/20 dark:border-white/10 shadow-[0_8px_32px_rgba(0,0,0,0.12)] relative overflow-hidden group rounded-[2rem];
    |         ^
  8 |     }
  9 |  @ webpack-internal:///(app-pages-browser)/./node_modules/next/dist/next-devtools/userspace/app/errors/intercept-console-error.js:56
[  505341ms] [ERROR] ./src/styles/index.css
Syntax error: D:\Workout OS\src\styles\tailwind.css @apply should not be used with the 'group' utility (7:9)

  5 | @layer components {
  6 |     .glass-card-premium {
> 7 |         @apply bg-white/5 dark:bg-surface-container-lowest/40 backdrop-blur-3xl border border-white/20 dark:border-white/10 shadow-[0_8px_32px_rgba(0,0,0,0.12)] relative overflow-hidden group rounded-[2rem];
    |         ^
  8 |     }
  9 |     
-- inner error --
Syntax error: D:\Workout OS\src\styles\tailwind.css @apply should not be used with the 'group' utility (7:9)

  5 | @layer components {
  6 |     .glass-card-premium {
> 7 |         @apply bg-white/5 dark:bg-surface-container-lowest/40 backdrop-blur-3xl border border-white/20 dark:border-white/10 shadow-[0_8px_32px_rgba(0,0,0,0.12)] relative overflow-hidden group rounded-[2rem];
    |         ^
  8 |     }
  9 |     
Generated code for D:\Workout OS\node_modules\next\dist\build\webpack\loaders\css-loader\src\index.js??ruleSet[1].rules[14].oneOf[10].use[2]!D:\Workout OS\node_modules\next\dist\build\webpack\loaders\postcss-loader\src\index.js??ruleSet[1].rules[14].oneOf[10].use[3]!D:\Workout OS\src\styles\tailwind.css

Generated code for D:\Workout OS\node_modules\next\dist\build\webpack\loaders\css-loader\src\index.js??ruleSet[1].rules[14].oneOf[10].use[2]!D:\Workout OS\node_modules\next\dist\build\webpack\loaders\postcss-loader\src\index.js??ruleSet[1].rules[14].oneOf[10].use[3]!D:\Workout OS\src\styles\index.css
 1 | __webpack_require__.r(__webpack_exports__);
 2 | /* harmony export */ __webpack_require__.d(__webpack_exports__, {
 3 | /* harmony export */   "default": () => (__WEBPACK_DEFAULT_EXPORT__)
 4 | /* harmony export */ });
 5 | /* harmony import */ var _node_modules_next_dist_build_webpack_loaders_css_loader_src_runtime_api_js__WEBPACK_IMPORTED_MODULE_0__ = __webpack_require__(/*! ../../node_modules/next/dist/build/webpack/loaders/css-loader/src/runtime/api.js */ "D:\\Workout OS\\node_modules\\next\\dist\\build\\webpack\\loaders\\css-loader\\src\\runtime\\api.js");
 6 | /* harmony import */ var _node_modules_next_dist_build_webpack_loaders_css_loader_src_runtime_api_js__WEBPACK_IMPORTED_MODULE_0___default = /*#__PURE__*/__webpack_require__.n(_node_modules_next_dist_build_webpack_loaders_css_loader_src_runtime_api_js__WEBPACK_IMPORTED_MODULE_0__);
 7 | /* harmony import */ var _node_modules_next_dist_build_webpack_loaders_css_loader_src_index_js_ruleSet_1_rules_14_oneOf_10_use_2_node_modules_next_dist_build_webpack_loaders_postcss_loader_src_index_js_ruleSet_1_rules_14_oneOf_10_use_3_tailwind_css__WEBPACK_IMPORTED_MODULE_1__ = __webpack_require__(/*! -!../../node_modules/next/dist/build/webpack/loaders/css-loader/src/index.js??ruleSet[1].rules[14].oneOf[10].use[2]!../../node_modules/next/dist/build/webpack/loaders/postcss-loader/src/index.js??ruleSet[1].rules[14].oneOf[10].use[3]!./tailwind.css */ "D:\\Workout OS\\node_modules\\next\\dist\\build\\webpack\\loaders\\css-loader\\src\\index.js??ruleSet[1].rules[14].oneOf[10].use[2]!D:\\Workout OS\\node_modules\\next\\dist\\build\\webpack\\loaders\\postcss-loader\\src\\index.js??ruleSet[1].rules[14].oneOf[10].use[3]!D:\\Workout OS\\src\\styles\\tailwind.css");
 8 | // Imports
 9 | 
10 | 
11 | var ___CSS_LOADER_EXPORT___ = _node_modules_next_dist_build_webpack_loaders_css_loader_src_runtime_api_js__WEBPACK_IMPORTED_MODULE_0___default()(true);
12 | ___CSS_LOADER_EXPORT___.i(_node_modules_next_dist_build_webpack_loaders_css_loader_src_index_js_ruleSet_1_rules_14_oneOf_10_use_2_node_modules_next_dist_build_webpack_loaders_postcss_loader_src_index_js_ruleSet_1_rules_14_oneOf_10_use_3_tailwind_css__WEBPACK_IMPORTED_MODULE_1__["default"]);
13 | // Module
14 | ___CSS_LOADER_EXPORT___.push([module.id, "@import url('https://fonts.cdnfonts.com/css/sf-pro-display');", "",{"version":3,"sources":["webpack://src/styles/index.css"],"names":[],"mappings":"AAAA,4DAA4D","sourcesContent":["@import url('https://fonts.cdnfonts.com/css/sf-pro-display');\n@import './tailwind.css';"],"sourceRoot":""}]);
15 | // Exports
16 | /* harmony default export */ const __WEBPACK_DEFAULT_EXPORT__ = (___CSS_LOADER_EXPORT___);
17 | 

Import trace for requested module:
./src/styles/index.css @ webpack-internal:///(app-pages-browser)/./node_modules/next/dist/next-devtools/userspace/app/errors/intercept-console-error.js:56
[  505352ms] [LOG] [Fast Refresh] rebuilding @ webpack-internal:///(app-pages-browser)/./node_modules/next/dist/client/dev/hot-reloader/app/hot-reloader-app.js:196
[  506857ms] [ERROR] ./src/styles/tailwind.css:7:9
Syntax error: D:\Workout OS\src\styles\tailwind.css @apply should not be used with the 'group' utility

  5 | @layer components {
  6 |     .glass-card-premium {
> 7 |         @apply bg-white/5 dark:bg-surface-container-lowest/40 backdrop-blur-3xl border border-white/20 dark:border-white/10 shadow-[0_8px_32px_rgba(0,0,0,0.12)] relative overflow-hidden group rounded-[2rem];
    |         ^
  8 |     }
  9 |  @ webpack-internal:///(app-pages-browser)/./node_modules/next/dist/next-devtools/userspace/app/errors/intercept-console-error.js:56
[  506860ms] [ERROR] ./src/styles/index.css
Syntax error: D:\Workout OS\src\styles\tailwind.css @apply should not be used with the 'group' utility (7:9)

  5 | @layer components {
  6 |     .glass-card-premium {
> 7 |         @apply bg-white/5 dark:bg-surface-container-lowest/40 backdrop-blur-3xl border border-white/20 dark:border-white/10 shadow-[0_8px_32px_rgba(0,0,0,0.12)] relative overflow-hidden group rounded-[2rem];
    |         ^
  8 |     }
  9 |     
-- inner error --
Syntax error: D:\Workout OS\src\styles\tailwind.css @apply should not be used with the 'group' utility (7:9)

  5 | @layer components {
  6 |     .glass-card-premium {
> 7 |         @apply bg-white/5 dark:bg-surface-container-lowest/40 backdrop-blur-3xl border border-white/20 dark:border-white/10 shadow-[0_8px_32px_rgba(0,0,0,0.12)] relative overflow-hidden group rounded-[2rem];
    |         ^
  8 |     }
  9 |     
Generated code for D:\Workout OS\node_modules\next\dist\build\webpack\loaders\css-loader\src\index.js??ruleSet[1].rules[14].oneOf[10].use[2]!D:\Workout OS\node_modules\next\dist\build\webpack\loaders\postcss-loader\src\index.js??ruleSet[1].rules[14].oneOf[10].use[3]!D:\Workout OS\src\styles\tailwind.css

Generated code for D:\Workout OS\node_modules\next\dist\build\webpack\loaders\css-loader\src\index.js??ruleSet[1].rules[14].oneOf[10].use[2]!D:\Workout OS\node_modules\next\dist\build\webpack\loaders\postcss-loader\src\index.js??ruleSet[1].rules[14].oneOf[10].use[3]!D:\Workout OS\src\styles\index.css
 1 | __webpack_require__.r(__webpack_exports__);
 2 | /* harmony export */ __webpack_require__.d(__webpack_exports__, {
 3 | /* harmony export */   "default": () => (__WEBPACK_DEFAULT_EXPORT__)
 4 | /* harmony export */ });
 5 | /* harmony import */ var _node_modules_next_dist_build_webpack_loaders_css_loader_src_runtime_api_js__WEBPACK_IMPORTED_MODULE_0__ = __webpack_require__(/*! ../../node_modules/next/dist/build/webpack/loaders/css-loader/src/runtime/api.js */ "D:\\Workout OS\\node_modules\\next\\dist\\build\\webpack\\loaders\\css-loader\\src\\runtime\\api.js");
 6 | /* harmony import */ var _node_modules_next_dist_build_webpack_loaders_css_loader_src_runtime_api_js__WEBPACK_IMPORTED_MODULE_0___default = /*#__PURE__*/__webpack_require__.n(_node_modules_next_dist_build_webpack_loaders_css_loader_src_runtime_api_js__WEBPACK_IMPORTED_MODULE_0__);
 7 | /* harmony import */ var _node_modules_next_dist_build_webpack_loaders_css_loader_src_index_js_ruleSet_1_rules_14_oneOf_10_use_2_node_modules_next_dist_build_webpack_loaders_postcss_loader_src_index_js_ruleSet_1_rules_14_oneOf_10_use_3_tailwind_css__WEBPACK_IMPORTED_MODULE_1__ = __webpack_require__(/*! -!../../node_modules/next/dist/build/webpack/loaders/css-loader/src/index.js??ruleSet[1].rules[14].oneOf[10].use[2]!../../node_modules/next/dist/build/webpack/loaders/postcss-loader/src/index.js??ruleSet[1].rules[14].oneOf[10].use[3]!./tailwind.css */ "D:\\Workout OS\\node_modules\\next\\dist\\build\\webpack\\loaders\\css-loader\\src\\index.js??ruleSet[1].rules[14].oneOf[10].use[2]!D:\\Workout OS\\node_modules\\next\\dist\\build\\webpack\\loaders\\postcss-loader\\src\\index.js??ruleSet[1].rules[14].oneOf[10].use[3]!D:\\Workout OS\\src\\styles\\tailwind.css");
 8 | // Imports
 9 | 
10 | 
11 | var ___CSS_LOADER_EXPORT___ = _node_modules_next_dist_build_webpack_loaders_css_loader_src_runtime_api_js__WEBPACK_IMPORTED_MODULE_0___default()(true);
12 | ___CSS_LOADER_EXPORT___.i(_node_modules_next_dist_build_webpack_loaders_css_loader_src_index_js_ruleSet_1_rules_14_oneOf_10_use_2_node_modules_next_dist_build_webpack_loaders_postcss_loader_src_index_js_ruleSet_1_rules_14_oneOf_10_use_3_tailwind_css__WEBPACK_IMPORTED_MODULE_1__["default"]);
13 | // Module
14 | ___CSS_LOADER_EXPORT___.push([module.id, "@import url('https://fonts.cdnfonts.com/css/sf-pro-display');", "",{"version":3,"sources":["webpack://src/styles/index.css"],"names":[],"mappings":"AAAA,4DAA4D","sourcesContent":["@import url('https://fonts.cdnfonts.com/css/sf-pro-display');\n@import './tailwind.css';"],"sourceRoot":""}]);
15 | // Exports
16 | /* harmony default export */ const __WEBPACK_DEFAULT_EXPORT__ = (___CSS_LOADER_EXPORT___);
17 | 

Import trace for requested module:
./src/styles/index.css @ webpack-internal:///(app-pages-browser)/./node_modules/next/dist/next-devtools/userspace/app/errors/intercept-console-error.js:56
