[    2535ms] [INFO] %cDownload the React DevTools for a better development experience: https://react.dev/link/react-devtools font-weight:bold @ webpack-internal:///(app-pages-browser)/./node_modules/next/dist/compiled/react-dom/cjs/react-dom-client.development.js:25630
[   35155ms] [WARNING] Detected `scroll-behavior: smooth` on the `<html>` element. In a future version, Next.js will no longer automatically disable smooth scrolling during route transitions. To prepare for this change, add `data-scroll-behavior="smooth"` to your <html> element. Learn more: https://nextjs.org/docs/messages/missing-data-scroll-behavior @ webpack-internal:///(app-pages-browser)/./node_modules/next/dist/shared/lib/utils/warn-once.js:15
[   37984ms] [ERROR] Failed to load resource: the server responded with a status of 400 () @ https://ixqrijxdedtbxondzytn.supabase.co/rest/v1/tasks?select=id%2Ctitle%2Cfull_title%2Cpriority%2Creminder_time%2Cdue_time%2Cdue_date&user_id=eq.5e1d3715-4f0c-4473-99e6-1a00220be6d9&completed=eq.false&notification_sent=eq.false&or=%28reminder_time.lte.%222026-08-08T14%3A36%3A21.234Z%22%2Cand%28due_date.eq.%222026-08-08%22%2Cdue_time.lte.%2220%3A06%22%29%29:0
[   37994ms] [ERROR] Operation: SELECT tasks @ webpack-internal:///(app-pages-browser)/./node_modules/next/dist/next-devtools/userspace/app/errors/intercept-console-error.js:56
[   37994ms] [ERROR] Payload: null @ webpack-internal:///(app-pages-browser)/./node_modules/next/dist/next-devtools/userspace/app/errors/intercept-console-error.js:56
[   37994ms] [ERROR] Error: <HTTP 400> @ webpack-internal:///(app-pages-browser)/./node_modules/next/dist/next-devtools/userspace/app/errors/intercept-console-error.js:56
[   37995ms] [ERROR] HTTP Status: 400 @ webpack-internal:///(app-pages-browser)/./node_modules/next/dist/next-devtools/userspace/app/errors/intercept-console-error.js:56
[   37995ms] [ERROR] Supabase Error: <HTTP 400> @ webpack-internal:///(app-pages-browser)/./node_modules/next/dist/next-devtools/userspace/app/errors/intercept-console-error.js:56
[   37995ms] [ERROR] Suggested Root Cause: Check payload structure, RLS policies, or authentication session state. @ webpack-internal:///(app-pages-browser)/./node_modules/next/dist/next-devtools/userspace/app/errors/intercept-console-error.js:56
[   38190ms] [ERROR] Failed to load resource: the server responded with a status of 400 () @ https://ixqrijxdedtbxondzytn.supabase.co/rest/v1/tasks?select=id%2Ctitle%2Cfull_title%2Cpriority%2Creminder_time%2Cdue_time%2Cdue_date&user_id=eq.5e1d3715-4f0c-4473-99e6-1a00220be6d9&completed=eq.false&notification_sent=eq.false&or=%28reminder_time.lte.%222026-08-08T14%3A36%3A21.249Z%22%2Cand%28due_date.eq.%222026-08-08%22%2Cdue_time.lte.%2220%3A06%22%29%29:0
[   38191ms] [ERROR] Operation: SELECT tasks @ webpack-internal:///(app-pages-browser)/./node_modules/next/dist/next-devtools/userspace/app/errors/intercept-console-error.js:56
[   38191ms] [ERROR] Payload: null @ webpack-internal:///(app-pages-browser)/./node_modules/next/dist/next-devtools/userspace/app/errors/intercept-console-error.js:56
[   38192ms] [ERROR] Error: <HTTP 400> @ webpack-internal:///(app-pages-browser)/./node_modules/next/dist/next-devtools/userspace/app/errors/intercept-console-error.js:56
[   38192ms] [ERROR] HTTP Status: 400 @ webpack-internal:///(app-pages-browser)/./node_modules/next/dist/next-devtools/userspace/app/errors/intercept-console-error.js:56
[   38192ms] [ERROR] Supabase Error: <HTTP 400> @ webpack-internal:///(app-pages-browser)/./node_modules/next/dist/next-devtools/userspace/app/errors/intercept-console-error.js:56
[   38192ms] [ERROR] Suggested Root Cause: Check payload structure, RLS policies, or authentication session state. @ webpack-internal:///(app-pages-browser)/./node_modules/next/dist/next-devtools/userspace/app/errors/intercept-console-error.js:56
[   97654ms] [ERROR] Failed to load resource: the server responded with a status of 400 () @ https://ixqrijxdedtbxondzytn.supabase.co/rest/v1/tasks?select=id%2Ctitle%2Cfull_title%2Cpriority%2Creminder_time%2Cdue_time%2Cdue_date&user_id=eq.5e1d3715-4f0c-4473-99e6-1a00220be6d9&completed=eq.false&notification_sent=eq.false&or=%28reminder_time.lte.%222026-08-08T14%3A37%3A21.251Z%22%2Cand%28due_date.eq.%222026-08-08%22%2Cdue_time.lte.%2220%3A07%22%29%29:0
[   97655ms] [ERROR] Operation: SELECT tasks @ webpack-internal:///(app-pages-browser)/./node_modules/next/dist/next-devtools/userspace/app/errors/intercept-console-error.js:56
[   97655ms] [ERROR] Payload: null @ webpack-internal:///(app-pages-browser)/./node_modules/next/dist/next-devtools/userspace/app/errors/intercept-console-error.js:56
[   97655ms] [ERROR] Error: <HTTP 400> @ webpack-internal:///(app-pages-browser)/./node_modules/next/dist/next-devtools/userspace/app/errors/intercept-console-error.js:56
[   97656ms] [ERROR] HTTP Status: 400 @ webpack-internal:///(app-pages-browser)/./node_modules/next/dist/next-devtools/userspace/app/errors/intercept-console-error.js:56
[   97656ms] [ERROR] Supabase Error: <HTTP 400> @ webpack-internal:///(app-pages-browser)/./node_modules/next/dist/next-devtools/userspace/app/errors/intercept-console-error.js:56
[   97656ms] [ERROR] Suggested Root Cause: Check payload structure, RLS policies, or authentication session state. @ webpack-internal:///(app-pages-browser)/./node_modules/next/dist/next-devtools/userspace/app/errors/intercept-console-error.js:56
[  157556ms] [ERROR] Failed to load resource: the server responded with a status of 400 () @ https://ixqrijxdedtbxondzytn.supabase.co/rest/v1/tasks?select=id%2Ctitle%2Cfull_title%2Cpriority%2Creminder_time%2Cdue_time%2Cdue_date&user_id=eq.5e1d3715-4f0c-4473-99e6-1a00220be6d9&completed=eq.false&notification_sent=eq.false&or=%28reminder_time.lte.%222026-08-08T14%3A38%3A21.253Z%22%2Cand%28due_date.eq.%222026-08-08%22%2Cdue_time.lte.%2220%3A08%22%29%29:0
[  157557ms] [ERROR] Operation: SELECT tasks @ webpack-internal:///(app-pages-browser)/./node_modules/next/dist/next-devtools/userspace/app/errors/intercept-console-error.js:56
[  157557ms] [ERROR] Payload: null @ webpack-internal:///(app-pages-browser)/./node_modules/next/dist/next-devtools/userspace/app/errors/intercept-console-error.js:56
[  157557ms] [ERROR] Error: <HTTP 400> @ webpack-internal:///(app-pages-browser)/./node_modules/next/dist/next-devtools/userspace/app/errors/intercept-console-error.js:56
[  157557ms] [ERROR] HTTP Status: 400 @ webpack-internal:///(app-pages-browser)/./node_modules/next/dist/next-devtools/userspace/app/errors/intercept-console-error.js:56
[  157557ms] [ERROR] Supabase Error: <HTTP 400> @ webpack-internal:///(app-pages-browser)/./node_modules/next/dist/next-devtools/userspace/app/errors/intercept-console-error.js:56
[  157557ms] [ERROR] Suggested Root Cause: Check payload structure, RLS policies, or authentication session state. @ webpack-internal:///(app-pages-browser)/./node_modules/next/dist/next-devtools/userspace/app/errors/intercept-console-error.js:56
[  217693ms] [ERROR] Failed to load resource: the server responded with a status of 400 () @ https://ixqrijxdedtbxondzytn.supabase.co/rest/v1/tasks?select=id%2Ctitle%2Cfull_title%2Cpriority%2Creminder_time%2Cdue_time%2Cdue_date&user_id=eq.5e1d3715-4f0c-4473-99e6-1a00220be6d9&completed=eq.false&notification_sent=eq.false&or=%28reminder_time.lte.%222026-08-08T14%3A39%3A21.254Z%22%2Cand%28due_date.eq.%222026-08-08%22%2Cdue_time.lte.%2220%3A09%22%29%29:0
[  217694ms] [ERROR] Operation: SELECT tasks @ webpack-internal:///(app-pages-browser)/./node_modules/next/dist/next-devtools/userspace/app/errors/intercept-console-error.js:56
[  217695ms] [ERROR] Payload: null @ webpack-internal:///(app-pages-browser)/./node_modules/next/dist/next-devtools/userspace/app/errors/intercept-console-error.js:56
[  217695ms] [ERROR] Error: <HTTP 400> @ webpack-internal:///(app-pages-browser)/./node_modules/next/dist/next-devtools/userspace/app/errors/intercept-console-error.js:56
[  217695ms] [ERROR] HTTP Status: 400 @ webpack-internal:///(app-pages-browser)/./node_modules/next/dist/next-devtools/userspace/app/errors/intercept-console-error.js:56
[  217695ms] [ERROR] Supabase Error: <HTTP 400> @ webpack-internal:///(app-pages-browser)/./node_modules/next/dist/next-devtools/userspace/app/errors/intercept-console-error.js:56
[  217695ms] [ERROR] Suggested Root Cause: Check payload structure, RLS policies, or authentication session state. @ webpack-internal:///(app-pages-browser)/./node_modules/next/dist/next-devtools/userspace/app/errors/intercept-console-error.js:56
[  277676ms] [ERROR] Failed to load resource: the server responded with a status of 400 () @ https://ixqrijxdedtbxondzytn.supabase.co/rest/v1/tasks?select=id%2Ctitle%2Cfull_title%2Cpriority%2Creminder_time%2Cdue_time%2Cdue_date&user_id=eq.5e1d3715-4f0c-4473-99e6-1a00220be6d9&completed=eq.false&notification_sent=eq.false&or=%28reminder_time.lte.%222026-08-08T14%3A40%3A21.255Z%22%2Cand%28due_date.eq.%222026-08-08%22%2Cdue_time.lte.%2220%3A10%22%29%29:0
[  277679ms] [ERROR] Operation: SELECT tasks @ webpack-internal:///(app-pages-browser)/./node_modules/next/dist/next-devtools/userspace/app/errors/intercept-console-error.js:56
[  277679ms] [ERROR] Payload: null @ webpack-internal:///(app-pages-browser)/./node_modules/next/dist/next-devtools/userspace/app/errors/intercept-console-error.js:56
[  277679ms] [ERROR] Error: <HTTP 400> @ webpack-internal:///(app-pages-browser)/./node_modules/next/dist/next-devtools/userspace/app/errors/intercept-console-error.js:56
[  277679ms] [ERROR] HTTP Status: 400 @ webpack-internal:///(app-pages-browser)/./node_modules/next/dist/next-devtools/userspace/app/errors/intercept-console-error.js:56
[  277679ms] [ERROR] Supabase Error: <HTTP 400> @ webpack-internal:///(app-pages-browser)/./node_modules/next/dist/next-devtools/userspace/app/errors/intercept-console-error.js:56
[  277680ms] [ERROR] Suggested Root Cause: Check payload structure, RLS policies, or authentication session state. @ webpack-internal:///(app-pages-browser)/./node_modules/next/dist/next-devtools/userspace/app/errors/intercept-console-error.js:56
[  338903ms] [ERROR] Failed to load resource: the server responded with a status of 400 () @ https://ixqrijxdedtbxondzytn.supabase.co/rest/v1/tasks?select=id%2Ctitle%2Cfull_title%2Cpriority%2Creminder_time%2Cdue_time%2Cdue_date&user_id=eq.5e1d3715-4f0c-4473-99e6-1a00220be6d9&completed=eq.false&notification_sent=eq.false&or=%28reminder_time.lte.%222026-08-08T14%3A41%3A21.256Z%22%2Cand%28due_date.eq.%222026-08-08%22%2Cdue_time.lte.%2220%3A11%22%29%29:0
[  338904ms] [ERROR] Operation: SELECT tasks @ webpack-internal:///(app-pages-browser)/./node_modules/next/dist/next-devtools/userspace/app/errors/intercept-console-error.js:56
[  338904ms] [ERROR] Payload: null @ webpack-internal:///(app-pages-browser)/./node_modules/next/dist/next-devtools/userspace/app/errors/intercept-console-error.js:56
[  338904ms] [ERROR] Error: <HTTP 400> @ webpack-internal:///(app-pages-browser)/./node_modules/next/dist/next-devtools/userspace/app/errors/intercept-console-error.js:56
[  338904ms] [ERROR] HTTP Status: 400 @ webpack-internal:///(app-pages-browser)/./node_modules/next/dist/next-devtools/userspace/app/errors/intercept-console-error.js:56
[  338905ms] [ERROR] Supabase Error: <HTTP 400> @ webpack-internal:///(app-pages-browser)/./node_modules/next/dist/next-devtools/userspace/app/errors/intercept-console-error.js:56
[  338905ms] [ERROR] Suggested Root Cause: Check payload structure, RLS policies, or authentication session state. @ webpack-internal:///(app-pages-browser)/./node_modules/next/dist/next-devtools/userspace/app/errors/intercept-console-error.js:56
